toothbrush                          0.99
toothbrush                          0.99
toothbrush                          0.99
toothbrush                          0.99
toothbrush                          0.99
toothbrush                          0.99
toothbrush                          0.99
3 for 2(toothbrush)                -1.98

Total:                              4.95
